../Core/Src/main.c:87:13:transmit	16	static
../Core/Src/main.c:93:13:clean_buffer	24	static
../Core/Src/main.c:99:6:request_processing	16	static
../Core/Src/main.c:109:6:HAL_UART_RxCpltCallback	16	static
../Core/Src/main.c:156:6:calibration	24	static
../Core/Src/main.c:184:5:main	8	static
../Core/Src/main.c:257:6:SystemClock_Config	88	static
../Core/Src/main.c:303:13:MX_ADC1_Init	24	static
../Core/Src/main.c:355:13:MX_ETH_Init	8	static
../Core/Src/main.c:404:13:MX_UART8_Init	8	static
../Core/Src/main.c:437:13:MX_USART3_UART_Init	8	static
../Core/Src/main.c:470:13:MX_USB_OTG_FS_PCD_Init	8	static
../Core/Src/main.c:505:13:MX_GPIO_Init	56	static
../Core/Src/main.c:560:6:Error_Handler	4	static,ignoring_inline_asm
